--
-- CREATE_INDEX
-- Create ancillary data structures (i.e. indices)
--
--
-- LSM
--
CREATE INDEX onek_unique1 ON onek USING lsm(unique1 int4_ops);
CREATE INDEX IF NOT EXISTS onek_unique1 ON onek USING lsm(unique1 int4_ops);
NOTICE:  relation "onek_unique1" already exists, skipping
CREATE INDEX IF NOT EXISTS ON onek USING lsm(unique1 int4_ops);
ERROR:  syntax error at or near "ON"
LINE 1: CREATE INDEX IF NOT EXISTS ON onek USING lsm(unique1 int4_op...
                                   ^
CREATE INDEX onek_unique2 ON onek USING lsm(unique2 int4_ops);
CREATE INDEX onek_hundred ON onek USING lsm(hundred int4_ops);
CREATE INDEX onek_stringu1 ON onek USING lsm(stringu1 name_ops);
CREATE INDEX tenk1_unique1 ON tenk1 USING lsm(unique1 int4_ops);
CREATE INDEX tenk1_unique2 ON tenk1 USING lsm(unique2 int4_ops);
CREATE INDEX tenk1_hundred ON tenk1 USING lsm(hundred int4_ops);
CREATE INDEX tenk1_thous_tenthous ON tenk1 (thousand, tenthous);
CREATE INDEX tenk2_unique1 ON tenk2 USING lsm(unique1 int4_ops);
CREATE INDEX tenk2_unique2 ON tenk2 USING lsm(unique2 int4_ops);
CREATE INDEX tenk2_hundred ON tenk2 USING lsm(hundred int4_ops);
CREATE INDEX rix ON road USING lsm (name text_ops);
CREATE INDEX iix ON ihighway USING lsm (name text_ops);
ERROR:  relation "ihighway" does not exist
CREATE INDEX six ON shighway USING lsm (name text_ops);
ERROR:  relation "shighway" does not exist
SET enable_seqscan = OFF;
SET enable_indexscan = OFF;
SET enable_bitmapscan = ON;
CREATE INDEX textarrayidx ON array_index_op_test(t) ;
CREATE INDEX intarrayidx ON array_index_op_test(i);
explain (costs off)
SELECT * FROM array_index_op_test WHERE i @> '{32}' ORDER BY seqno;
                QUERY PLAN
------------------------------------------
 Sort
   Sort Key: seqno
   ->  Seq Scan on array_index_op_test
         Filter: (i @> '{32}'::integer[])
(4 rows)

SELECT * FROM array_index_op_test WHERE i @> '{32}' ORDER BY seqno;
 seqno | i | t
-------+---+---
(0 rows)

SELECT * FROM array_index_op_test WHERE i && '{32}' ORDER BY seqno;
 seqno | i | t
-------+---+---
(0 rows)

SELECT * FROM array_index_op_test WHERE i @> '{17}' ORDER BY seqno;
 seqno | i | t
-------+---+---
(0 rows)

SELECT * FROM array_index_op_test WHERE i && '{17}' ORDER BY seqno;
 seqno | i | t
-------+---+---
(0 rows)

SELECT * FROM array_index_op_test WHERE i @> '{32,17}' ORDER BY seqno;
 seqno | i | t
-------+---+---
(0 rows)

SELECT * FROM array_index_op_test WHERE i && '{32,17}' ORDER BY seqno;
 seqno | i | t
-------+---+---
(0 rows)

SELECT * FROM array_index_op_test WHERE i <@ '{38,34,32,89}' ORDER BY seqno;
 seqno | i | t
-------+---+---
(0 rows)

SELECT * FROM array_index_op_test WHERE i = '{47,77}' ORDER BY seqno;
 seqno | i | t
-------+---+---
(0 rows)

SELECT * FROM array_index_op_test WHERE i = '{}' ORDER BY seqno;
 seqno | i | t
-------+---+---
(0 rows)

SELECT * FROM array_index_op_test WHERE i @> '{}' ORDER BY seqno;
 seqno | i | t
-------+---+---
(0 rows)

SELECT * FROM array_index_op_test WHERE i && '{}' ORDER BY seqno;
 seqno | i | t
-------+---+---
(0 rows)

SELECT * FROM array_index_op_test WHERE i <@ '{}' ORDER BY seqno;
 seqno | i | t
-------+---+---
(0 rows)

explain (costs off)
SELECT * FROM array_index_op_test WHERE t @> '{AAAAAAAA72908}' ORDER BY seqno;
                    QUERY PLAN
--------------------------------------------------
 Sort
   Sort Key: seqno
   ->  Seq Scan on array_index_op_test
         Filter: (t @> '{AAAAAAAA72908}'::text[])
(4 rows)

SELECT * FROM array_index_op_test WHERE t @> '{AAAAAAAA72908}' ORDER BY seqno;
 seqno | i | t
-------+---+---
(0 rows)

SELECT * FROM array_index_op_test WHERE t && '{AAAAAAAA72908}' ORDER BY seqno;
 seqno | i | t
-------+---+---
(0 rows)

SELECT * FROM array_index_op_test WHERE t @> '{AAAAAAAAAA646}' ORDER BY seqno;
 seqno | i | t
-------+---+---
(0 rows)

SELECT * FROM array_index_op_test WHERE t && '{AAAAAAAAAA646}' ORDER BY seqno;
 seqno | i | t
-------+---+---
(0 rows)

SELECT * FROM array_index_op_test WHERE t @> '{AAAAAAAA72908,AAAAAAAAAA646}' ORDER BY seqno;
 seqno | i | t
-------+---+---
(0 rows)

SELECT * FROM array_index_op_test WHERE t && '{AAAAAAAA72908,AAAAAAAAAA646}' ORDER BY seqno;
 seqno | i | t
-------+---+---
(0 rows)

SELECT * FROM array_index_op_test WHERE t <@ '{AAAAAAAA72908,AAAAAAAAAAAAAAAAAAA17075,AA88409,AAAAAAAAAAAAAAAAAA36842,AAAAAAA48038,AAAAAAAAAAAAAA10611}' ORDER BY seqno;
 seqno | i | t
-------+---+---
(0 rows)

SELECT * FROM array_index_op_test WHERE t = '{AAAAAAAAAA646,A87088}' ORDER BY seqno;
 seqno | i | t
-------+---+---
(0 rows)

SELECT * FROM array_index_op_test WHERE t = '{}' ORDER BY seqno;
 seqno | i | t
-------+---+---
(0 rows)

SELECT * FROM array_index_op_test WHERE t @> '{}' ORDER BY seqno;
 seqno | i | t
-------+---+---
(0 rows)

SELECT * FROM array_index_op_test WHERE t && '{}' ORDER BY seqno;
 seqno | i | t
-------+---+---
(0 rows)

SELECT * FROM array_index_op_test WHERE t <@ '{}' ORDER BY seqno;
 seqno | i | t
-------+---+---
(0 rows)
